[    0.000000] Linux version 4.15.0-54-generic (buildd@lgw01-amd64-014) (gcc version 7.4.0 (Ubuntu 7.4.0-1ubuntu1~18.04.1)) #58-Ubuntu SMP Mon Jun 24 10:55:24 UTC 2019 (Ubuntu 4.15.0-54.58-generic 4.15.18)
[    0.000000] Command line: BOOT_IMAGE=/boot/vmlinuz-4.15.0-54-generic root=UUID=d97a116e-3267-461b-8e32-40328bbd9448 ro console=tty1 console=ttyS0
[    0.000000] KERNEL supported cpus:
[    0.000000]   Intel GenuineIntel
[    0.000000]   AMD AuthenticAMD
[    0.000000]   Centaur CentaurHauls
[    0.000000] x86/fpu: Supporting XSAVE feature 0x001: 'x87 floating point registers'
[    0.000000] x86/fpu: Supporting XSAVE feature 0x002: 'SSE registers'
[    0.000000] x86/fpu: Supporting XSAVE feature 0x004: 'AVX registers'
[    0.000000] x86/fpu: xstate_offset[2]:  576, xstate_sizes[2]:  256
[    0.000000] x86/fpu: Enabled xstate features 0x7, context size is 832 bytes, using 'standard' format.
[    0.000000] e820: BIOS-provided physical RAM map:
[    0.000000] BIOS-e820: [mem 0x0000000000000000-0x000000000009fbff] usable
[    0.000000] BIOS-e820: [mem 0x000000000009fc00-0x000000000009ffff] reserved
[    0.000000] BIOS-e820: [mem 0x00000000000f0000-0x00000000000fffff] reserved
[    0.000000] BIOS-e820: [mem 0x0000000000100000-0x000000003ffeffff] usable
[    0.000000] BIOS-e820: [mem 0x000000003fff0000-0x000000003fffffff] ACPI data
[    0.000000] BIOS-e820: [mem 0x00000000fec00000-0x00000000fec00fff] reserved
[    0.000000] BIOS-e820: [mem 0x00000000fee00000-0x00000000fee00fff] reserved
[    0.000000] BIOS-e820: [mem 0x00000000fffc0000-0x00000000ffffffff] reserved
[    0.000000] NX (Execute Disable) protection: active
[    0.000000] SMBIOS 2.5 present.
[    0.000000] DMI: innotek GmbH VirtualBox/VirtualBox, BIOS VirtualBox 12/01/2006
[    0.000000] Hypervisor detected: KVM
[    0.000000] e820: last_pfn = 0x3fff0 max_arch_pfn = 0x400000000
[    0.000000] MTRR: Disabled
[    0.000000] x86/PAT: MTRRs disabled, skipping PAT initialization too.
[    0.000000] CPU MTRRs all blank - virtualized system.
[    0.000000] x86/PAT: Configuration [0-7]: WB  WT  UC- UC  WB  WT  UC- UC  
[    0.000000] found SMP MP-table at [mem 0x0009fff0-0x0009ffff] mapped at [        (ptrval)]
[    0.000000] Scanning 1 areas for low memory corruption
[    0.000000] RAMDISK: [mem 0x359d3000-0x36ce0fff]
[    0.000000] ACPI: Early table checksum verification disabled
[    0.000000] ACPI: RSDP 0x00000000000E0000 000024 (v02 VBOX  )
[    0.000000] ACPI: XSDT 0x000000003FFF0030 00003C (v01 VBOX   VBOXXSDT 00000001 ASL  00000061)
[    0.000000] ACPI: FACP 0x000000003FFF00F0 0000F4 (v04 VBOX   VBOXFACP 00000001 ASL  00000061)
[    0.000000] ACPI: DSDT 0x000000003FFF0470 0022EA (v02 VBOX   VBOXBIOS 00000002 INTL 20100528)
[    0.000000] ACPI: FACS 0x000000003FFF0200 000040
[    0.000000] ACPI: FACS 0x000000003FFF0200 000040
[    0.000000] ACPI: APIC 0x000000003FFF0240 00005C (v02 VBOX   VBOXAPIC 00000001 ASL  00000061)
[    0.000000] ACPI: SSDT 0x000000003FFF02A0 0001CC (v01 VBOX   VBOXCPUT 00000002 INTL 20100528)
[    0.000000] No NUMA configuration found
[    0.000000] Faking a node at [mem 0x0000000000000000-0x000000003ffeffff]
[    0.000000] NODE_DATA(0) allocated [mem 0x3ffc5000-0x3ffeffff]
[    0.000000] kvm-clock: cpu 0, msr 0:3ff44001, primary cpu clock
[    0.000000] kvm-clock: Using msrs 4b564d01 and 4b564d00
[    0.000000] kvm-clock: using sched offset of 4901262710 cycles
[    0.000000] clocksource: kvm-clock: mask: 0xffffffffffffffff max_cycles: 0x1cd42e4dffb, max_idle_ns: 881590591483 ns
[    0.000000] Zone ranges:
[    0.000000]   DMA      [mem 0x0000000000001000-0x0000000000ffffff]
[    0.000000]   DMA32    [mem 0x0000000001000000-0x000000003ffeffff]
[    0.000000]   Normal   empty
[    0.000000]   Device   empty
[    0.000000] Movable zone start for each node
[    0.000000] Early memory node ranges
[    0.000000]   node   0: [mem 0x0000000000001000-0x000000000009efff]
[    0.000000]   node   0: [mem 0x0000000000100000-0x000000003ffeffff]
[    0.000000] Reserved but unavailable: 114 pages
[    0.000000] Initmem setup node 0 [mem 0x0000000000001000-0x000000003ffeffff]
[    0.000000] ACPI: PM-Timer IO Port: 0x4008
[    0.000000] IOAPIC[0]: apic_id 2, version 32, address 0xfec00000, GSI 0-23
[    0.000000] ACPI: INT_SRC_OVR (bus 0 bus_irq 0 global_irq 2 dfl dfl)
[    0.000000] ACPI: INT_SRC_OVR (bus 0 bus_irq 9 global_irq 9 low level)
[    0.000000] Using ACPI (MADT) for SMP configuration information
[    0.000000] smpboot: Allowing 2 CPUs, 0 hotplug CPUs
[    0.000000] PM: Registered nosave memory: [mem 0x00000000-0x00000fff]
[    0.000000] PM: Registered nosave memory: [mem 0x0009f000-0x0009ffff]
[    0.000000] PM: Registered nosave memory: [mem 0x000a0000-0x000effff]
[    0.000000] PM: Registered nosave memory: [mem 0x000f0000-0x000fffff]
[    0.000000] e820: [mem 0x40000000-0xfebfffff] available for PCI devices
[    0.000000] Booting paravirtualized kernel on KVM
[    0.000000] clocksource: refined-jiffies: mask: 0xffffffff max_cycles: 0xffffffff, max_idle_ns: 7645519600211568 ns
[    0.000000] random: get_random_bytes called from start_kernel+0x99/0x4fd with crng_init=0
[    0.000000] setup_percpu: NR_CPUS:8192 nr_cpumask_bits:2 nr_cpu_ids:2 nr_node_ids:1
[    0.000000] percpu: Embedded 46 pages/cpu @        (ptrval) s151552 r8192 d28672 u1048576
[    0.000000] PV qspinlock hash table entries: 256 (order: 0, 4096 bytes)
[    0.000000] Built 1 zonelists, mobility grouping on.  Total pages: 257913
[    0.000000] Policy zone: DMA32
[    0.000000] Kernel command line: BOOT_IMAGE=/boot/vmlinuz-4.15.0-54-generic root=UUID=d97a116e-3267-461b-8e32-40328bbd9448 ro console=tty1 console=ttyS0
[    0.000000] Memory: 983072K/1048120K available (12300K kernel code, 2473K rwdata, 4272K rodata, 2408K init, 2416K bss, 65048K reserved, 0K cma-reserved)
[    0.000000] SLUB: HWalign=64, Order=0-3, MinObjects=0, CPUs=2, Nodes=1
[    0.000000] Kernel/User page tables isolation: enabled
[    0.000000] ftrace: allocating 39216 entries in 154 pages
[    0.004000] Hierarchical RCU implementation.
[    0.004000] 	RCU restricting CPUs from NR_CPUS=8192 to nr_cpu_ids=2.
[    0.004000] 	Tasks RCU enabled.
[    0.004000] RCU: Adjusting geometry for rcu_fanout_leaf=16, nr_cpu_ids=2
[    0.004000] NR_IRQS: 524544, nr_irqs: 440, preallocated irqs: 16
[    0.004000] Console: colour VGA+ 80x25
[    0.004000] console [tty1] enabled
[    0.004000] console [ttyS0] enabled
[    0.004000] ACPI: Core revision 20170831
[    0.004000] ACPI: 2 ACPI AML tables successfully acquired and loaded
[    0.004000] APIC: Switch to symmetric I/O mode setup
[    0.004000] x2apic enabled
[    0.004000] Switched APIC routing to physical x2apic.
[    0.004000] ..TIMER: vector=0x30 apic1=0 pin1=2 apic2=-1 pin2=-1
[    0.004005] tsc: Detected 1608.000 MHz processor
[    0.008014] Calibrating delay loop (skipped) preset value.. 3216.00 BogoMIPS (lpj=6432000)
[    0.012008] pid_max: default: 32768 minimum: 301
[    0.013658] Security Framework initialized
[    0.014676] Yama: becoming mindful.
[    0.015581] AppArmor: AppArmor initialized
[    0.017908] Dentry cache hash table entries: 131072 (order: 8, 1048576 bytes)
[    0.020083] Inode-cache hash table entries: 65536 (order: 7, 524288 bytes)
[    0.021731] Mount-cache hash table entries: 2048 (order: 2, 16384 bytes)
[    0.023332] Mountpoint-cache hash table entries: 2048 (order: 2, 16384 bytes)
[    0.024255] mce: CPU supports 0 MCE banks
[    0.025337] Last level iTLB entries: 4KB 64, 2MB 8, 4MB 8
[    0.028003] Last level dTLB entries: 4KB 64, 2MB 0, 4MB 0, 1GB 4
[    0.029436] Spectre V2 : Mitigation: Full generic retpoline
[    0.030917] Spectre V2 : Spectre v2 / SpectreRSB mitigation: Filling RSB on context switch
[    0.032003] Speculative Store Bypass: Vulnerable
[    0.033186] MDS: Vulnerable: Clear CPU buffers attempted, no microcode
[    0.036094] Freeing SMP alternatives memory: 36K
[    0.040000] APIC calibration not consistent with PM-Timer: 98ms instead of 100ms
[    0.040000] APIC delta adjusted to PM-Timer: 6246042 (6174326)
[    0.040083] smpboot: CPU0: Intel(R) Core(TM) i5-8210Y CPU @ 1.60GHz (family: 0x6, model: 0x8e, stepping: 0x9)
[    0.042861] Performance Events: unsupported p6 CPU model 142 no PMU driver, software events only.
[    0.044037] Hierarchical SRCU implementation.
[    0.046045] NMI watchdog: Perf event create on CPU 0 failed with -2
[    0.048004] NMI watchdog: Perf NMI watchdog permanently disabled
[    0.049556] smp: Bringing up secondary CPUs ...
[    0.050773] x86: Booting SMP configuration:
[    0.052003] .... node  #0, CPUs:      #1
[    0.004000] kvm-clock: cpu 1, msr 0:3ff44041, secondary cpu clock
[    0.004000] mce: CPU supports 0 MCE banks
[    0.060026] smp: Brought up 1 node, 2 CPUs
[    0.061386] smpboot: Max logical packages: 1
[    0.062443] smpboot: Total of 2 processors activated (6432.00 BogoMIPS)
[    0.064151] devtmpfs: initialized
[    0.065281] x86/mm: Memory block size: 128MB
[    0.066472] evm: security.selinux
[    0.067320] evm: security.SMACK64
[    0.068004] evm: security.SMACK64EXEC
[    0.069257] evm: security.SMACK64TRANSMUTE
[    0.070274] evm: security.SMACK64MMAP
[    0.072003] evm: security.apparmor
[    0.072888] evm: security.ima
[    0.073651] evm: security.capability
[    0.074596] clocksource: jiffies: mask: 0xffffffff max_cycles: 0xffffffff, max_idle_ns: 7645041785100000 ns
[    0.076015] futex hash table entries: 512 (order: 3, 32768 bytes)
[    0.077612] pinctrl core: initialized pinctrl subsystem
[    0.082311] RTC time:  6:08:42, date: 07/09/19
[    0.084161] NET: Registered protocol family 16
[    0.085343] audit: initializing netlink subsys (disabled)
[    0.086706] audit: type=2000 audit(1562652528.230:1): state=initialized audit_enabled=0 res=1
[    0.088025] cpuidle: using governor ladder
[    0.089402] cpuidle: using governor menu
[    0.092055] ACPI: bus type PCI registered
[    0.093058] acpiphp: ACPI Hot Plug PCI Controller Driver version: 0.5
[    0.096004] PCI: Using configuration type 1 for base access
[    0.097655] HugeTLB registered 2.00 MiB page size, pre-allocated 0 pages
[    0.100084] ACPI: Added _OSI(Module Device)
[    0.101135] ACPI: Added _OSI(Processor Device)
[    0.102286] ACPI: Added _OSI(3.0 _SCP Extensions)
[    0.104008] ACPI: Added _OSI(Processor Aggregator Device)
[    0.105324] ACPI: Added _OSI(Linux-Dell-Video)
[    0.106420] ACPI: Added _OSI(Linux-Lenovo-NV-HDMI-Audio)
[    0.108014] ACPI: Added _OSI(Linux-HPI-Hybrid-Graphics)
[    0.110260] ACPI: Executed 1 blocks of module-level executable AML code
[    0.116941] ACPI: Interpreter enabled
[    0.118370] ACPI: (supports S0 S5)
[    0.119476] ACPI: Using IOAPIC for interrupt routing
[    0.120270] PCI: Using host bridge windows from ACPI; if necessary, use "pci=nocrs" and report a bug
[    0.123111] ACPI: Enabled 2 GPEs in block 00 to 07
[    0.132639] ACPI: PCI Root Bridge [PCI0] (domain 0000 [bus 00-ff])
[    0.134915] acpi PNP0A03:00: _OSC: OS supports [ASPM ClockPM Segments MSI]
[    0.136494] acpi PNP0A03:00: _OSC: not requesting OS control; OS requires [ExtendedConfig ASPM ClockPM MSI]
[    0.140016] acpi PNP0A03:00: fail to add MMCONFIG information, can't access extended PCI configuration space under this bridge.
[    0.144526] PCI host bridge to bus 0000:00
[    0.145940] pci_bus 0000:00: root bus resource [io  0x0000-0x0cf7 window]
[    0.148005] pci_bus 0000:00: root bus resource [io  0x0d00-0xffff window]
[    0.149764] pci_bus 0000:00: root bus resource [mem 0x000a0000-0x000bffff window]
[    0.152008] pci_bus 0000:00: root bus resource [mem 0x40000000-0xfdffffff window]
[    0.154086] pci_bus 0000:00: root bus resource [bus 00-ff]
[    0.161406] pci 0000:00:01.1: legacy IDE quirk: reg 0x10: [io  0x01f0-0x01f7]
[    0.163561] pci 0000:00:01.1: legacy IDE quirk: reg 0x14: [io  0x03f6]
[    0.164003] pci 0000:00:01.1: legacy IDE quirk: reg 0x18: [io  0x0170-0x0177]
[    0.165703] pci 0000:00:01.1: legacy IDE quirk: reg 0x1c: [io  0x0376]
[    0.189675] pci 0000:00:07.0: quirk: [io  0x4000-0x403f] claimed by PIIX4 ACPI
[    0.191861] pci 0000:00:07.0: quirk: [io  0x4100-0x410f] claimed by PIIX4 SMB
[    0.205857] ACPI: PCI Interrupt Link [LNKA] (IRQs 5 9 10 *11)
[    0.208021] ACPI: PCI Interrupt Link [LNKB] (IRQs 5 9 *10 11)
[    0.210282] ACPI: PCI Interrupt Link [LNKC] (IRQs 5 *9 10 11)
[    0.212095] ACPI: PCI Interrupt Link [LNKD] (IRQs 5 9 10 *11)
[    0.214450] SCSI subsystem initialized
[    0.215619] pci 0000:00:02.0: vgaarb: setting as boot VGA device
[    0.215619] pci 0000:00:02.0: vgaarb: VGA device added: decodes=io+mem,owns=io+mem,locks=none
[    0.216022] pci 0000:00:02.0: vgaarb: bridge control possible
[    0.217723] vgaarb: loaded
[    0.218493] ACPI: bus type USB registered
[    0.220027] usbcore: registered new interface driver usbfs
[    0.222373] usbcore: registered new interface driver hub
[    0.224039] usbcore: registered new device driver usb
[    0.225403] EDAC MC: Ver: 3.0.0
[    0.225403] PCI: Using ACPI for IRQ routing
[    0.228452] NetLabel: Initializing
[    0.229543] NetLabel:  domain hash size = 128
[    0.231485] NetLabel:  protocols = UNLABELED CIPSOv4 CALIPSO
[    0.232030] NetLabel:  unlabeled traffic allowed by default
[    0.233463] clocksource: Switched to clocksource kvm-clock
[    0.251223] VFS: Disk quotas dquot_6.6.0
[    0.253176] VFS: Dquot-cache hash table entries: 512 (order 0, 4096 bytes)
[    0.255926] AppArmor: AppArmor Filesystem Enabled
[    0.257522] pnp: PnP ACPI init
[    0.260808] pnp: PnP ACPI: found 3 devices
[    0.272585] clocksource: acpi_pm: mask: 0xffffff max_cycles: 0xffffff, max_idle_ns: 2085701024 ns
[    0.275409] NET: Registered protocol family 2
[    0.280191] TCP established hash table entries: 8192 (order: 4, 65536 bytes)
[    0.283118] TCP bind hash table entries: 8192 (order: 5, 131072 bytes)
[    0.286703] TCP: Hash tables configured (established 8192 bind 8192)
[    0.289102] UDP hash table entries: 512 (order: 2, 16384 bytes)
[    0.291237] UDP-Lite hash table entries: 512 (order: 2, 16384 bytes)
[    0.294250] NET: Registered protocol family 1
[    0.295887] pci 0000:00:00.0: Limiting direct PCI/PCI transfers
[    0.297925] pci 0000:00:01.0: Activating ISA DMA hang workarounds
[    0.300428] pci 0000:00:02.0: Video device with shadowed ROM at [mem 0x000c0000-0x000dffff]
[    0.303207] Unpacking initramfs...
[    0.658247] Freeing initrd memory: 19512K
[    0.660377] clocksource: tsc: mask: 0xffffffffffffffff max_cycles: 0x172daa3a18b, max_idle_ns: 440795212390 ns
[    0.663079] platform rtc_cmos: registered platform RTC device (no PNP device found)
[    0.665158] Scanning for low memory corruption every 60 seconds
[    0.667982] Initialise system trusted keyrings
[    0.669241] Key type blacklist registered
[    0.670354] workingset: timestamp_bits=36 max_order=18 bucket_order=0
[    0.672862] zbud: loaded
[    0.674020] squashfs: version 4.0 (2009/01/31) Phillip Lougher
[    0.676232] fuse init (API version 7.26)
[    0.679895] Key type asymmetric registered
[    0.680988] Asymmetric key parser 'x509' registered
[    0.682665] Block layer SCSI generic (bsg) driver version 0.4 loaded (major 246)
[    0.685535] io scheduler noop registered
[    0.686513] io scheduler deadline registered
[    0.687603] io scheduler cfq registered (default)
[    0.689351] ACPI: AC Adapter [AC] (off-line)
[    0.691021] input: Power Button as /devices/LNXSYSTM:00/LNXPWRBN:00/input/input0
[    0.693747] ACPI: Power Button [PWRF]
[    0.695020] input: Sleep Button as /devices/LNXSYSTM:00/LNXSLPBN:00/input/input1
[    0.696940] ACPI: Sleep Button [SLPF]
[    0.700253] ACPI: Battery Slot [BAT0] (battery present)
[    0.702386] Serial: 8250/16550 driver, 32 ports, IRQ sharing enabled
 	
 !"#$%&'()*+,-./0123456789:;<=>?@ABCDEFGHIJKLMNOPQRSTUVWXYZ[\]^_`abcdefghijklmnopqrstuvwxyz{|}~€‚ƒ„…†‡ˆ‰‹ŒŽ‘’“”•–—˜™š›œ¥¦§¨©ª«¬­®¯°±²³´µ¶¾¿ÀÁÂÃÄÅÆÇÈÉÊËÌÍÎÏÝÞßàáâãäåæçèéêëìíîïðñòóôõö÷øùúûüýþÿ[    0.729622] 00:02: ttyS0 at I/O 0x3f8 (irq = 4, base_baud = 115200) is a 16550A
[    0.740820] Linux agpgart interface v0.103
[    0.750728] loop: module loaded
[    0.755024] scsi host0: ata_piix
[    0.758004] scsi host1: ata_piix
[    0.759890] ata1: PATA max UDMA/33 cmd 0x1f0 ctl 0x3f6 bmdma 0xd000 irq 14
[    0.763086] ata2: PATA max UDMA/33 cmd 0x170 ctl 0x376 bmdma 0xd008 irq 15
[    0.768588] libphy: Fixed MDIO Bus: probed
[    0.771296] tun: Universal TUN/TAP device driver, 1.6
[    0.775434] PPP generic driver version 2.4.2
[    0.778505] ehci_hcd: USB 2.0 'Enhanced' Host Controller (EHCI) Driver
[    0.782755] ehci-pci: EHCI PCI platform driver
[    0.785604] ehci-platform: EHCI generic platform driver
[    0.788501] ohci_hcd: USB 1.1 'Open' Host Controller (OHCI) Driver
[    0.792207] ohci-pci: OHCI PCI platform driver
[    0.794827] ohci-platform: OHCI generic platform driver
[    0.797747] uhci_hcd: USB Universal Host Controller Interface driver
[    0.801587] i8042: PNP: PS/2 Controller [PNP0303:PS2K,PNP0f03:PS2M] at 0x60,0x64 irq 1,12
[    0.807980] serio: i8042 KBD port at 0x60,0x64 irq 1
[    0.811199] serio: i8042 AUX port at 0x60,0x64 irq 12
[    0.814494] mousedev: PS/2 mouse device common for all mice
[    0.818285] input: AT Translated Set 2 keyboard as /devices/platform/i8042/serio0/input/input2
[    0.824442] rtc_cmos rtc_cmos: rtc core: registered rtc_cmos as rtc0
[    0.827804] rtc_cmos rtc_cmos: alarms up to one day, 114 bytes nvram
[    0.831083] i2c /dev entries driver
[    0.833427] device-mapper: uevent: version 1.0.3
[    0.835808] device-mapper: ioctl: 4.37.0-ioctl (2017-09-20) initialised: dm-devel@redhat.com
[    0.840708] ledtrig-cpu: registered to indicate activity on CPUs
[    0.844274] NET: Registered protocol family 10
[    0.852565] Segment Routing with IPv6
[    0.853851] NET: Registered protocol family 17
[    0.855845] Key type dns_resolver registered
[    0.857756] RAS: Correctable Errors collector initialized.
[    0.860567] sched_clock: Marking stable (860516245, 0)->(1242380592, -381864347)
[    0.864995] registered taskstats version 1
[    0.866403] Loading compiled-in X.509 certificates
[    0.871852] Loaded X.509 cert 'Build time autogenerated kernel key: 1cc14bc8298a06d551159822c55fa35abd77a621'
[    0.874863] zswap: loaded using pool lzo/zbud
[    0.882573] Key type big_key registered
[    0.884859] Key type trusted registered
[    0.891030] Key type encrypted registered
[    0.893158] AppArmor: AppArmor sha1 policy hashing enabled
[    0.898427] ima: No TPM chip found, activating TPM-bypass! (rc=-19)
[    0.901460] ima: Allocated hash algorithm: sha1
[    0.903654] evm: HMAC attrs: 0x1
[    0.905309]   Magic number: 11:380:114
[    0.906706] rtc_cmos rtc_cmos: setting system clock to 2019-07-09 06:08:43 UTC (1562652523)
[    0.909823] BIOS EDD facility v0.16 2004-Jun-25, 0 devices found
[    0.912746] EDD information not available.
[    0.933645] Freeing unused kernel image memory: 2408K
[    0.984970] Write protecting the kernel read-only data: 20480k
[    0.994295] Freeing unused kernel image memory: 2008K
[    1.000594] Freeing unused kernel image memory: 1872K
[    1.018726] x86/mm: Checked W+X mappings: passed, no W+X pages found.
[    1.021936] x86/mm: Checking user space page tables
[    1.035257] x86/mm: Checked W+X mappings: passed, no W+X pages found.
Loading, please wait...
starting version 237
[    1.122623] Fusion MPT base driver 3.04.20
[    1.124336] Copyright (c) 1999-2008 LSI Corporation
[    1.143453] AVX2 version of gcm_enc/dec engaged.
[    1.145153] AES CTR mode by8 optimization enabled
[    1.146900] e1000: Intel(R) PRO/1000 Network Driver - version 7.3.21-k8-NAPI
[    1.148634] e1000: Copyright (c) 1999-2006 Intel Corporation.
[    1.157817] Fusion MPT SPI Host driver 3.04.20
[    1.346795] input: ImExPS/2 Generic Explorer Mouse as /devices/platform/i8042/serio1/input/input4
[    1.599895] e1000 0000:00:03.0 eth0: (PCI:33MHz:32-bit) 02:ea:7f:4f:2c:ab
[    1.603639] e1000 0000:00:03.0 eth0: Intel(R) PRO/1000 Network Connection
[    2.103248] e1000 0000:00:08.0 eth1: (PCI:33MHz:32-bit) 08:00:27:20:f8:c9
[    2.106318] e1000 0000:00:08.0 eth1: Intel(R) PRO/1000 Network Connection
[    2.116012] e1000 0000:00:03.0 enp0s3: renamed from eth0
[    2.119294] mptbase: ioc0: Initiating bringup
[    2.133698] e1000 0000:00:08.0 enp0s8: renamed from eth1
[    2.216929] ioc0: LSI53C1030 A0: Capabilities={Initiator}
[    2.466531] scsi host2: ioc0: LSI53C1030 A0, FwRev=00000000h, Ports=1, MaxQ=256, IRQ=20
[    2.641531] scsi 2:0:0:0: Direct-Access     VBOX     HARDDISK         1.0  PQ: 0 ANSI: 5
[    2.688260] scsi target2:0:0: Beginning Domain Validation
[    2.695062] scsi target2:0:0: Domain Validation skipping write tests
[    2.697666] scsi target2:0:0: Ending Domain Validation
[    2.699798] scsi target2:0:0: asynchronous
[    2.703143] scsi 2:0:1:0: Direct-Access     VBOX     HARDDISK         1.0  PQ: 0 ANSI: 5
[    2.736360] scsi target2:0:1: Beginning Domain Validation
[    2.741097] random: fast init done
[    2.749747] scsi target2:0:1: Domain Validation skipping write tests
[    2.753099] scsi target2:0:1: Ending Domain Validation
[    2.755493] scsi target2:0:1: asynchronous
[    2.768123] random: systemd-udevd: uninitialized urandom read (16 bytes read)
[    2.771601] random: systemd-udevd: uninitialized urandom read (16 bytes read)
[    2.772252] sd 2:0:0:0: Attached scsi generic sg0 type 0
[    2.772773] sd 2:0:1:0: Attached scsi generic sg1 type 0
[    2.781560] random: systemd-udevd: uninitialized urandom read (16 bytes read)
[    2.786179] sd 2:0:0:0: [sda] 20971520 512-byte logical blocks: (10.7 GB/10.0 GiB)
[    2.790265] sd 2:0:1:0: [sdb] 20480 512-byte logical blocks: (10.5 MB/10.0 MiB)
[    2.793637] sd 2:0:0:0: [sda] Write Protect is off
[    2.797204] sd 2:0:1:0: [sdb] Write Protect is off
[    2.799795] sd 2:0:1:0: [sdb] Incomplete mode parameter data
[    2.801947] sd 2:0:1:0: [sdb] Assuming drive cache: write through
[    2.804442] sd 2:0:0:0: [sda] Incomplete mode parameter data
[    2.806783] sd 2:0:0:0: [sda] Assuming drive cache: write through
[    2.812141]  sda: sda1
[    2.814805] sd 2:0:0:0: [sda] Attached SCSI disk
[    2.816791] sd 2:0:1:0: [sdb] Attached SCSI disk
Begin: Loading essential drivers ... [    4.284127] raid6: sse2x1   gen()  5366 MB/s
[    4.332084] raid6: sse2x1   xor()  5769 MB/s
[    4.380309] raid6: sse2x2   gen() 14847 MB/s
[    4.428228] raid6: sse2x2   xor()  9318 MB/s
[    4.476291] raid6: sse2x4   gen() 14413 MB/s
[    4.524170] raid6: sse2x4   xor()  8982 MB/s
[    4.572251] raid6: avx2x1   gen() 20286 MB/s
[    4.620189] raid6: avx2x1   xor() 14536 MB/s
[    4.668048] raid6: avx2x2   gen() 26923 MB/s
[    4.716018] raid6: avx2x2   xor() 17395 MB/s
[    4.764231] raid6: avx2x4   gen() 33185 MB/s
[    4.812227] raid6: avx2x4   xor() 20732 MB/s
[    4.813932] raid6: using algorithm avx2x4 gen() 33185 MB/s
[    4.815359] raid6: .... xor() 20732 MB/s, rmw enabled
[    4.816662] raid6: using avx2x2 recovery algorithm
[    4.818748] xor: automatically using best checksumming function   avx       
[    4.821568] async_tx: api initialized (async)
done.
Begin: Running /scripts/init-premount ... done.
Begin: Mounting root file system ... Begin: Running /scripts/local-top ... done.
Begin: Running /scripts/local-premount ... [    4.865194] Btrfs loaded, crc32c=crc32c-intel
Scanning for Btrfs filesystems
done.
Warning: fsck not present, so skipping root file system
[    4.916541] EXT4-fs (sda1): mounted filesystem with ordered data mode. Opts: (null)
done.
Begin: Running /scripts/local-bottom ... done.
Begin: Running /scripts/init-bottom ... done.
[    5.204977] ip_tables: (C) 2000-2006 Netfilter Core Team
[    5.223920] systemd[1]: systemd 237 running in system mode. (+PAM +AUDIT +SELINUX +IMA +APPARMOR +SMACK +SYSVINIT +UTMP +LIBCRYPTSETUP +GCRYPT +GNUTLS +ACL +XZ +LZ4 +SECCOMP +BLKID +ELFUTILS +KMOD -IDN2 +IDN -PCRE2 default-hierarchy=hybrid)
[    5.231796] systemd[1]: Detected virtualization oracle.
[    5.233594] systemd[1]: Detected architecture x86-64.

Welcome to [1mUbuntu 18.04.2 LTS[0m!

[    5.245015] systemd[1]: Set hostname to <ubuntu-bionic>.
[    5.672153] systemd[1]: Started Forward Password Requests to Wall Directory Watch.
[[0;32m  OK  [0m] Started Forward Password Requests to Wall Directory Watch.
[    5.675093] systemd[1]: Reached target User and Group Name Lookups.
[[0;32m  OK  [0m] Reached target User and Group Name Lookups.
[    5.677923] systemd[1]: Reached target Swap.
[[0;32m  OK  [0m] Reached target Swap.
[    5.681797] systemd[1]: Created slice System Slice.
[[0;32m  OK  [0m] Created slice System Slice.
[    5.684184] systemd[1]: Listening on Network Service Netlink Socket.
[[0;32m  OK  [0m] Listening on Network Service Netlink Socket.
[    5.687185] systemd[1]: Created slice system-serial\x2dgetty.slice.
[[0;32m  OK  [0m] Created slice system-serial\x2dgetty.slice.
[[0;32m  OK  [0m] Listening on Journal Audit Socket.
[[0;32m  OK  [0m] Set up automount Arbitrary Executabâ€¦rmats File System Automount Point.
[[0;32m  OK  [0m] Listening on udev Control Socket.
[[0;32m  OK  [0m] Listening on Journal Socket (/dev/log).
[[0;32m  OK  [0m] Created slice User and Session Slice.
[[0;32m  OK  [0m] Reached target Slices.
[[0;32m  OK  [0m] Reached target System Time Synchronized.
[[0;32m  OK  [0m] Listening on Syslog Socket.
[[0;32m  OK  [0m] Listening on LVM2 metadata daemon socket.
[[0;32m  OK  [0m] Listening on udev Kernel Socket.
[[0;32m  OK  [0m] Listening on Device-mapper event daemon FIFOs.
[[0;32m  OK  [0m] Listening on Journal Socket.
         Mounting POSIX Message Queue File System...
         Starting Set the console keyboard layout...
         Starting Uncomplicated firewall...
         Starting Create list of required stâ€¦ce nodes for the current kernel...
         Mounting Huge Pages File System...
         Starting udev Coldplug all Devices...
         Mounting Kernel Debug File System...
         Starting Load Kernel Modules...
         Starting Monitoring of LVM2 mirrorsâ€¦ng dmeventd or progress polling...
         Starting Journal Service...
[    5.777114] Loading iSCSI transport class v2.0-870.
[    5.788408] iscsi: registered transport (tcp)
         Starting Remount Root and Kernel File Systems...
[[0;32m  OK  [0m] Listening on LVM2 poll daemon socket.
[[0;32m  OK  [0m] Listening on /dev/initctl Compatibility Named Pipe.
[[0;32m  OK  [0m] Mounted POSIX Message Queue File System.
[[0;32m  OK  [0m] Started Uncomplicated firewall.
[[0;32m  OK  [0m] Started Create list of required staâ€¦vice nodes for the current kernel.
[[0;32m  OK  [0m] Mounted Huge Pages File System.
[[0;32m  OK  [0m] Mounted Kernel Debug File System.
         Starting Create Static Device Nodes in /dev...
[[0;32m  OK  [0m] Started LVM2 metadata daemon.
[[0;32m  OK  [0m] Started Journal Service.
[[0;32m  OK  [0m] Started udev Coldplug all Devices.
[[0;32m  OK  [0m] Started Create Static Device Nodes in /dev.
[    5.972612] iscsi: registered transport (iser)
[[0;32m  OK  [0m] Started Load Kernel Modules.
         Mounting FUSE Control File System...
         Starting Apply Kernel Variables...
         Mounting Kernel Configuration File System...
[    5.987576] EXT4-fs (sda1): re-mounted. Opts: (null)
[[0;32m  OK  [0m] Mounted FUSE Control File System.
[[0;32m  OK  [0m] Started Remount Root and Kernel File Systems.
         Starting udev Kernel Device Manager...
         Starting Load/Save Random Seed...
         Starting Initial cloud-init job (pre-networking)...
         Starting Flush Journal to Persistent Storage...
[[0;32m  OK  [0m] Started Monitoring of LVM2 mirrors,â€¦sing dmeventd or progress polling.
[[0;32m  OK  [0m] Started Apply Kernel Variables.
[[0;32m  OK  [0m] Mounted Kernel Configuration File System.
[[0;32m  OK  [0m] Started Set the console keyboard layout.
[[0;32m  OK  [0m] Reached target Local File Systems (Pre).
[[0;32m  OK  [0m] Reached target Local File Systems.
         Starting Tell Plymouth To Write Out Runtime Data...
         Starting Set console font and keymap...
         Starting ebtables ruleset management...
         Starting AppArmor initialization...
[[0;32m  OK  [0m] Started Load/Save Random Seed.
[[0;32m  OK  [0m] Started udev Kernel Device Manager.
[[0;32m  OK  [0m] Started Dispatch Password Requests to Console Directory Watch.
[[0;32m  OK  [0m] Reached target Local Encrypted Volumes.
[[0;32m  OK  [0m] Started Tell Plymouth To Write Out Runtime Data.
[[0;32m  OK  [0m] Started Set console font and keymap.
[[0;32m  OK  [0m] Found device /dev/ttyS0.
[[0;32m  OK  [0m] Started ebtables ruleset management.
[[0;32m  OK  [0m] Started Flush Journal to Persistent Storage.
         Starting Create Volatile Files and Directories...
[[0;32m  OK  [0m] Listening on Load/Save RF Kill Switch Status /dev/rfkill Watch.
[[0;32m  OK  [0m] Started Create Volatile Files and Directories.
         Starting Update UTMP about System Boot/Shutdown...
[[0;32m  OK  [0m] Started Update UTMP about System Boot/Shutdown.
[[0;32m  OK  [0m] Started AppArmor initialization.
[    8.605906] cloud-init[426]: Cloud-init v. 18.5-45-g3554ffe8-0ubuntu1~18.04.1 running 'init-local' at Tue, 09 Jul 2019 06:08:50 +0000. Up 8.33 seconds.
[[0;32m  OK  [0m] Started Initial cloud-init job (pre-networking).
[[0;32m  OK  [0m] Reached target Network (Pre).
         Starting Network Service...
[[0;32m  OK  [0m] Started Network Service.
         Starting Network Name Resolution...
         Starting Wait for Network to be Configured...
[[0;32m  OK  [0m] Started Network Name Resolution.
[[0;32m  OK  [0m] Reached target Host and Network Name Lookups.
[[0;32m  OK  [0m] Reached target Network.
[[0;32m  OK  [0m] Started Wait for Network to be Configured.
         Starting Initial cloud-init job (metadata service crawler)...
[   10.579861] cloud-init[701]: Cloud-init v. 18.5-45-g3554ffe8-0ubuntu1~18.04.1 running 'init' at Tue, 09 Jul 2019 06:08:52 +0000. Up 10.40 seconds.
[   10.584939] cloud-init[701]: ci-info: ++++++++++++++++++++++++++++++++++++++Net device info+++++++++++++++++++++++++++++++++++++++
[   10.589384] cloud-init[701]: ci-info: +--------+------+-----------------------------+---------------+--------+-------------------+
[   10.594046] cloud-init[701]: ci-info: | Device |  Up  |           Address           |      Mask     | Scope  |     Hw-Address    |
[   10.601424] cloud-init[701]: ci-info: +--------+------+-----------------------------+---------------+--------+-------------------+
[   10.613312] cloud-init[701]: ci-info: | enp0s3 | True |          10.0.2.15          | 255.255.255.0 | global | 02:ea:7f:4f:2c:ab |
[   10.617703] cloud-init[701]: ci-info: | enp0s3 | True |  fe80::ea:7fff:fe4f:2cab/64 |       .       |  link  | 02:ea:7f:4f:2c:ab |
[   10.622711] cloud-init[701]: ci-info: | enp0s8 | True |        192.168.33.10        | 255.255.255.0 | global | 08:00:27:20:f8:c9 |
[   10.627946] cloud-init[701]: ci-info: | enp0s8 | True | fe80::a00:27ff:fe20:f8c9/64 |       .       |  link  | 08:00:27:20:f8:c9 |
[   10.633524] cloud-init[701]: ci-info: |   lo   | True |          127.0.0.1          |   255.0.0.0   |  host  |         .         |
[   10.638552] cloud-init[701]: ci-info: |   lo   | True |           ::1/128           |       .       |  host  |         .         |
[   10.645117] cloud-init[701]: ci-info: +--------+------+-----------------------------+---------------+--------+-------------------+
[   10.651855] cloud-init[701]: ci-info: +++++++++++++++++++++++++++++Route IPv4 info+++++++++++++++++++++++++++++
[   10.658816] cloud-init[701]: ci-info: +-------+--------------+----------+-----------------+-----------+-------+
[   10.672602] cloud-init[701]: ci-info: | Route | Destination  | Gateway  |     Genmask     | Interface | Flags |
[   10.676414] cloud-init[701]: ci-info: +-------+--------------+----------+-----------------+-----------+-------+
[   10.678907] cloud-init[701]: ci-info: |   0   |   0.0.0.0    | 10.0.2.2 |     0.0.0.0     |   enp0s3  |   UG  |
[   10.682644] cloud-init[701]: ci-info: |   1   |   10.0.2.0   | 0.0.0.0  |  255.255.255.0  |   enp0s3  |   U   |
[   10.686229] cloud-init[701]: ci-info: |   2   |   10.0.2.2   | 0.0.0.0  | 255.255.255.255 |   enp0s3  |   UH  |
[   10.689432] cloud-init[701]: ci-info: |   3   | 192.168.33.0 | 0.0.0.0  |  255.255.255.0  |   enp0s8  |   U   |
[   10.693557] cloud-init[701]: ci-info: +-------+--------------+----------+-----------------+-----------+-------+
[   10.697799] cloud-init[701]: ci-info: +++++++++++++++++++Route IPv6 info+++++++++++++++++++
[   10.716484] cloud-init[701]: ci-info: +-------+-------------+---------+-----------+-------+
[   10.720171] cloud-init[701]: ci-info: | Route | Destination | Gateway | Interface | Flags |
[   10.724197] cloud-init[701]: ci-info: +-------+-------------+---------+-----------+-------+
[   10.728383] cloud-init[701]: ci-info: |   1   |  fe80::/64  |    ::   |   enp0s8  |   U   |
[   10.733384] cloud-init[701]: ci-info: |   2   |  fe80::/64  |    ::   |   enp0s3  |   U   |
[   10.735918] cloud-init[701]: ci-info: |   4   |    local    |    ::   |   enp0s3  |   U   |
[   10.738997] cloud-init[701]: ci-info: |   5   |    local    |    ::   |   enp0s8  |   U   |
[   10.744513] cloud-init[701]: ci-info: |   6   |   ff00::/8  |    ::   |   enp0s8  |   U   |
[   10.747594] cloud-init[701]: ci-info: |   7   |   ff00::/8  |    ::   |   enp0s3  |   U   |
[   10.751637] cloud-init[701]: ci-info: +-------+-------------+---------+-----------+-------+
[[0;32m  OK  [0m] Started Initial cloud-init job (metadata service crawler).
[[0;32m  OK  [0m] Reached target Cloud-config availability.
[[0;32m  OK  [0m] Reached target Network is Online.
         Starting Availability of block devices...
[[0;32m  OK  [0m] Reached target Remote File Systems (Pre).
[[0;32m  OK  [0m] Reached target Remote File Systems.
[[0;32m  OK  [0m] Reached target System Initialization.
[[0;32m  OK  [0m] Listening on Open-iSCSI iscsid Socket.
[[0;32m  OK  [0m] Started Daily Cleanup of Temporary Directories.
[[0;32m  OK  [0m] Started Message of the Day.
[[0;32m  OK  [0m] Listening on D-Bus System Message Bus Socket.
         Starting Socket activation for snappy daemon.
[[0;32m  OK  [0m] Listening on UUID daemon activation socket.
[[0;32m  OK  [0m] Started Discard unused blocks once a week.
[[0;32m  OK  [0m] Started ACPI Events Check.
         Starting LXD - unix socket.
[[0;32m  OK  [0m] Listening on ACPID Listen Socket.
[[0;32m  OK  [0m] Started Daily apt download activities.
[[0;32m  OK  [0m] Started Daily apt upgrade and clean activities.
[[0;32m  OK  [0m] Reached target Timers.
[[0;32m  OK  [0m] Reached target Paths.
[[0;32m  OK  [0m] Started Availability of block devices.
[[0;32m  OK  [0m] Listening on Socket activation for snappy daemon.
[[0;32m  OK  [0m] Listening on LXD - unix socket.
[[0;32m  OK  [0m] Reached target Sockets.
[[0;32m  OK  [0m] Reached target Basic System.
         Starting Permit User Sessions...
         Starting LSB: Record successful boot for GRUB...
         Starting vboxadd.service...
         Starting LSB: automatic crash report generation...
         Starting LXD - container startup/shutdown...
[[0;32m  OK  [0m] Started Regular background program processing daemon.
[[0;32m  OK  [0m] Started Deferred execution scheduler.
[[0;32m  OK  [0m] Started FUSE filesystem for LXC.
         Starting Login Service...
         Starting System Logging Service...
         Starting Accounts Service...
         Starting OpenBSD Secure Shell server...
         Starting Dispatcher daemon for systemd-networkd...
[[0;32m  OK  [0m] Started D-Bus System Message Bus.
[[0;32m  OK  [0m] Started Login Service.
[[0;32m  OK  [0m] Started Unattended Upgrades Shutdown.
[[0;32m  OK  [0m] Started irqbalance daemon.
         Starting Snappy daemon...
[[0;32m  OK  [0m] Started System Logging Service.
[[0;32m  OK  [0m] Started Permit User Sessions.
[[0;32m  OK  [0m] Started LXD - container startup/shutdown.
[[0;32m  OK  [0m] Started OpenBSD Secure Shell server.
         Starting Authorization Manager...
         Starting Hold until boot process finishes up...
         Starting Terminate Plymouth Boot Screen...
[[0;32m  OK  [0m] Started Hold until boot process finishes up.
         Starting Set console scheme...
[[0;32m  OK  [0m] Started Serial Getty on ttyS0.
[[0;32m  OK  [0m] Started Terminate Plymouth Boot Screen.
[[0;32m  OK  [0m] Started Authorization Manager.
[[0;32m  OK  [0m] Started Accounts Service.
[[0;32m  OK  [0m] Started Set console scheme.
[[0;32m  OK  [0m] Created slice system-getty.slice.
[[0;32m  OK  [0m] Started Getty on tty1.
[[0;32m  OK  [0m] Reached target Login Prompts.
[[0;32m  OK  [0m] Started LSB: Record successful boot for GRUB.
[[0;32m  OK  [0m] Started LSB: automatic crash report generation.
[[0;32m  OK  [0m] Created slice User Slice of vagrant.
         Starting User Manager for UID 1000...
[[0;32m  OK  [0m] Started Session 1 of user vagrant.
[[0;32m  OK  [0m] Started Snappy daemon.
         Starting Wait until snapd is fully seeded...
[[0;32m  OK  [0m] Started Dispatcher daemon for systemd-networkd.
[[0;32m  OK  [0m] Started Wait until snapd is fully seeded.
         Starting Apply the settings specified in cloud-config...
[[0;32m  OK  [0m] Started User Manager for UID 1000.
[   14.789589] cloud-init[1095]: Cloud-init v. 18.5-45-g3554ffe8-0ubuntu1~18.04.1 running 'modules:config' at Tue, 09 Jul 2019 06:08:56 +0000. Up 14.10 seconds.
[[0;32m  OK  [0m] Started Apply the settings specified in cloud-config.
[[0;32m  OK  [0m] Started vboxadd.service.
         Starting vboxadd-service.service...
[[0;32m  OK  [0m] Started vboxadd-service.service.
[[0;32m  OK  [0m] Reached target Multi-User System.
[[0;32m  OK  [0m] Reached target Graphical Interface.
         Starting Execute cloud user/final scripts...
         Starting Update UTMP about System Runlevel Changes...
[[0;32m  OK  [0m] Started Update UTMP about System Runlevel Changes.
[   16.210561] cloud-init[1241]: Cloud-init v. 18.5-45-g3554ffe8-0ubuntu1~18.04.1 running 'modules:final' at Tue, 09 Jul 2019 06:08:58 +0000. Up 15.99 seconds.
[   16.216892] cloud-init[1241]: Cloud-init v. 18.5-45-g3554ffe8-0ubuntu1~18.04.1 finished at Tue, 09 Jul 2019 06:08:58 +0000. Datasource DataSourceNoCloud [seed=/dev/sdb][dsmode=net].  Up 16.19 seconds
[[0;32m  OK  [0m] Started Execute cloud user/final scripts.
[[0;32m  OK  [0m] Reached target Cloud-init target.

Ubuntu 18.04.2 LTS ubuntu-bionic ttyS0

ubuntu-bionic login: 